[2026-05-16 16:16:16] local.INFO: get berth  
[2026-05-16 16:16:16] local.INFO: 1443  
[2026-05-16 16:16:16] local.INFO: []  
[2026-05-16 16:16:16] local.INFO: []  
[2026-05-16 16:16:16] local.INFO: get berth  
[2026-05-16 16:16:16] local.INFO: 1443  
[2026-05-16 16:16:16] local.INFO: []  
[2026-05-16 16:16:16] local.INFO: []  
[2026-05-16 16:16:20] local.INFO: get berth  
[2026-05-16 16:16:20] local.INFO: 821  
[2026-05-16 16:16:20] local.INFO: [12059,12069]  
[2026-05-16 16:16:20] local.INFO: [12063,12053,12054,12086,12112,12090,12108]  
[2026-05-16 16:16:20] local.INFO: get berth  
[2026-05-16 16:16:20] local.INFO: 821  
[2026-05-16 16:16:20] local.INFO: [12059,12069]  
[2026-05-16 16:16:20] local.INFO: [12063,12053,12054,12086,12112,12090,12108]  
[2026-05-16 16:16:25] local.INFO: get berth  
[2026-05-16 16:16:25] local.INFO: 426  
[2026-05-16 16:16:25] local.INFO: []  
[2026-05-16 16:16:25] local.INFO: [4922,4979]  
[2026-05-16 16:16:25] local.INFO: get berth  
[2026-05-16 16:16:25] local.INFO: 426  
[2026-05-16 16:16:25] local.INFO: []  
[2026-05-16 16:16:25] local.INFO: [4922,4979]  
